
> chat-platform-frontend@0.1.0 build
> next build

   Γû▓ Next.js 14.0.0
   - Environments: .env.local

   Creating an optimized production build ...
node.exe : Failed 
to compile.
At line:1 char:1
+ & "C:\Program Fil
es\nodejs/node.exe"
 "C:\Program Files\
nodejs/node_mo ...
+ ~~~~~~~~~~~~~~~~~
~~~~~~~~~~~~~~~~~~~
~~~~~~~~~~~~~~~~~~~
~~~~~~~~~~~~~~
    + CategoryInfo 
             : No  
  tSpecified: (F   
 ailed to compi    
le.:String) []    
, RemoteExcept    
ion
    + FullyQualifi 
   edErrorId : Na  
  tiveCommandErr   
 or
 

./src/lib/utils.ts
Module not found: 
Can't resolve 
'clsx'

https://nextjs.org/
docs/messages/modul
e-not-found

Import trace for 
requested module:
./src/components/Ch
atArea.tsx

./src/lib/utils.ts
Module not found: 
Can't resolve 
'tailwind-merge'

https://nextjs.org/
docs/messages/modul
e-not-found

Import trace for 
requested module:
./src/components/Ch
atArea.tsx

./src/app/auth/regi
ster/page.tsx
Module not found: 
Can't resolve '../.
./../lib/supabaseCl
ient'

https://nextjs.org/
docs/messages/modul
e-not-found


> Build failed 
because of webpack 
errors
